---
created: "2019-08-11T13:12:11.348897Z"
creator: insta@0.8.2
source: graphql_rs_native/src/language/parser.rs
expression: "document::<nom::error::VerboseError<&str>>(&Source::new(\"type User\".to_owned(),\n                                                        None,\n                                                        None)).unwrap_or_else(|_|\n                                                                                  panic!(\"Test failed\"))"
---
[
  "",
  {
    "kind": "Document",
    "loc": {
      "start": 0,
      "end": 9,
      "source": {
        "name": "GraphQL Request",
        "locationOffset": {
          "line": 1,
          "column": 1
        }
      }
    },
    "definitions": [
      {
        "kind": "TypeSystemDefinition",
        "kind": "TypeDefinition",
        "kind": "ObjectTypeDefinition",
        "kind": "ObjectTypeDefinition",
        "loc": {
          "start": 0,
          "end": 9,
          "source": {
            "name": "GraphQL Request",
            "locationOffset": {
              "line": 1,
              "column": 1
            }
          }
        },
        "description": null,
        "name": {
          "kind": "Name",
          "loc": {
            "start": 5,
            "end": 9,
            "source": {
              "name": "GraphQL Request",
              "locationOffset": {
                "line": 1,
                "column": 1
              }
            }
          },
          "value": "User"
        },
        "interfaces": null,
        "directives": null,
        "fields": null
      }
    ]
  }
]
