---
created: "2019-08-11T13:12:11.456351Z"
creator: insta@0.8.2
source: graphql_rs_native/src/language/parser.rs
expression: "union_definition::<nom::error::VerboseError<&str>>(&source)(&source.body).unwrap_or_else(|_|\n                                                                                             panic!(\"Test failed\"))"
---
[
  "x",
  {
    "kind": "UnionTypeDefinition",
    "loc": {
      "start": 0,
      "end": 34,
      "source": {
        "name": "GraphQL Request",
        "locationOffset": {
          "line": 1,
          "column": 1
        }
      }
    },
    "description": null,
    "name": {
      "kind": "Name",
      "loc": {
        "start": 6,
        "end": 13,
        "source": {
          "name": "GraphQL Request",
          "locationOffset": {
            "line": 1,
            "column": 1
          }
        }
      },
      "value": "MyUnion"
    },
    "directives": null,
    "types": [
      {
        "kind": "NamedType",
        "loc": {
          "start": 16,
          "end": 23,
          "source": {
            "name": "GraphQL Request",
            "locationOffset": {
              "line": 1,
              "column": 1
            }
          }
        },
        "name": {
          "kind": "Name",
          "loc": {
            "start": 16,
            "end": 23,
            "source": {
              "name": "GraphQL Request",
              "locationOffset": {
                "line": 1,
                "column": 1
              }
            }
          },
          "value": "MemberA"
        }
      },
      {
        "kind": "NamedType",
        "loc": {
          "start": 26,
          "end": 33,
          "source": {
            "name": "GraphQL Request",
            "locationOffset": {
              "line": 1,
              "column": 1
            }
          }
        },
        "name": {
          "kind": "Name",
          "loc": {
            "start": 26,
            "end": 33,
            "source": {
              "name": "GraphQL Request",
              "locationOffset": {
                "line": 1,
                "column": 1
              }
            }
          },
          "value": "MemberB"
        }
      }
    ]
  }
]
