// Jest Snapshot v1, https://goo.gl/fbAQLP

exports[`parses graphql simple 1`] = `
Object {
  "definitions": Array [
    Object {
      "description": null,
      "directives": null,
      "fields": Array [
        Object {
          "arguments": null,
          "description": null,
          "directives": null,
          "kind": "FieldDefinition",
          "loc": Object {
            "end": 24,
            "start": 12,
          },
          "name": Object {
            "kind": "Name",
            "loc": Object {
              "end": 16,
              "start": 12,
            },
            "value": "name",
          },
          "type": Object {
            "kind": "NamedType",
            "loc": Object {
              "end": 24,
              "start": 18,
            },
            "name": Object {
              "kind": "Name",
              "loc": Object {
                "end": 24,
                "start": 18,
              },
              "value": "String",
            },
          },
        },
        Object {
          "arguments": null,
          "description": null,
          "directives": null,
          "kind": "FieldDefinition",
          "loc": Object {
            "end": 31,
            "start": 25,
          },
          "name": Object {
            "kind": "Name",
            "loc": Object {
              "end": 27,
              "start": 25,
            },
            "value": "id",
          },
          "type": Object {
            "kind": "NamedType",
            "loc": Object {
              "end": 31,
              "start": 29,
            },
            "name": Object {
              "kind": "Name",
              "loc": Object {
                "end": 31,
                "start": 29,
              },
              "value": "ID",
            },
          },
        },
      ],
      "interfaces": null,
      "kind": "ObjectTypeDefinition",
      "loc": Object {
        "end": 33,
        "start": 0,
      },
      "name": Object {
        "kind": "Name",
        "loc": Object {
          "end": 9,
          "start": 5,
        },
        "value": "User",
      },
    },
  ],
  "kind": "Document",
  "loc": Object {
    "end": 33,
    "start": 0,
  },
}
`;
